// Jest Snapshot v1, https://goo.gl/fbAQLP

exports[`Footer рендериться правильно 1`] = `
<DocumentFragment>
  <div
    class="footer"
  >
    ... Footer ...
  </div>
</DocumentFragment>
`;
